// Jest Snapshot v1, https://goo.gl/fbAQLP

exports[`<Layout /> renders 1`] = `
<div
  className="main-container"
>
  <div
    className="app-header"
  >
    <Logo
      handleDefault={[MockFunction]}
    />
  </div>
  children
</div>
`;
