// Jest Snapshot v1, https://goo.gl/fbAQLP

exports[`<Button /> renders 1`] = `
<button
  className="custom-button small"
>
  Submit
</button>
`;
